// Jest Snapshot v1, https://goo.gl/fbAQLP

exports[`should render EditPage 1`] = `
<div>
  <div>
    <ExpenseForm
      expense={
        Object {
          "amount": 2000,
          "createdAt": -345600000,
          "description": "Rent",
          "id": "2",
          "note": "",
        }
      }
      onSubmit={[Function]}
    />
    <button
      onClick={[Function]}
    >
      Remove Expense
    </button>
  </div>
</div>
`;
