// Jest Snapshot v1, https://goo.gl/fbAQLP

exports[`should render ExpenseList with empty message 1`] = `
<div>
  <h1>
    Expense List
  </h1>
  <p>
    No Expenses
  </p>
  <ExpensesSummary
    expenseCount={0}
    expensesTotal={0}
  />
</div>
`;

exports[`should render ExpenseList with expenses 1`] = `
<div>
  <h1>
    Expense List
  </h1>
  <Connect(ExpenseListItem)
    amount={195}
    createdAt={0}
    description="Gum"
    id="1"
    key="1"
    note=""
  />
  <Connect(ExpenseListItem)
    amount={2000}
    createdAt={-345600000}
    description="Rent"
    id="2"
    key="2"
    note=""
  />
  <Connect(ExpenseListItem)
    amount={5000}
    createdAt={345600000}
    description="Water Bill"
    id="3"
    key="3"
    note=""
  />
  <ExpensesSummary
    expenseCount={3}
    expensesTotal={71.95}
  />
</div>
`;
